// Jest Snapshot v1, https://goo.gl/fbAQLP

exports[`renders a snapshot 1`] = `
<div
  className="card"
  style={
    Object {
      "width": "18rem",
    }
  }
>
  <img
    className="card-img-top"
    src="./Derek-image.jpg"
  />
  <div
    className="card-body"
  >
    <div
      className="card-title h5"
    >
      Card Title
    </div>
    <p
      className="card-text"
    >
      My name is Derek and I'm trying to learn programing.
    </p>
  </div>
  <div
    className="list-group-flush list-group"
    onKeyDown={[Function]}
  >
    <div
      className="list-group-item"
      data-rr-ui-event-key={null}
      onClick={[Function]}
    >
      GitHub User Name
    </div>
    <div
      className="list-group-item"
      data-rr-ui-event-key={null}
      onClick={[Function]}
    >
      DerekHarwood
    </div>
  </div>
</div>
`;
